// Jest Snapshot v1, https://goo.gl/fbAQLP

exports[`renders correctly 1`] = `
<View
  accessible={true}
  collapsable={false}
  focusable={true}
  nativeID="animatedComponent"
  onClick={[Function]}
  onResponderGrant={[Function]}
  onResponderMove={[Function]}
  onResponderRelease={[Function]}
  onResponderTerminate={[Function]}
  onResponderTerminationRequest={[Function]}
  onStartShouldSetResponder={[Function]}
  style={
    Object {
      "opacity": 1,
    }
  }
>
  <View
    style={
      Object {
        "alignItems": "center",
        "backgroundColor": "#fff",
        "borderBottomWidth": 1,
        "borderColor": "#f5f5f5",
        "flexDirection": "row",
        "justifyContent": "space-between",
        "paddingBottom": 16,
        "paddingLeft": 12,
        "paddingRight": 12,
        "paddingTop": 16,
      }
    }
  >
    <Text
      style={
        Object {
          "fontFamily": "DM Sans",
        }
      }
    >
      Snapshot
    </Text>
    <RNSVGSvgView
      align="xMidYMid"
      bbHeight={16}
      bbWidth={16}
      fill="#999"
      focusable={false}
      height={16}
      meetOrSlice={0}
      minX={0}
      minY={0}
      secondaryFill={null}
      secondaryOpacity={0.4}
      style={
        Array [
          Object {
            "backgroundColor": "transparent",
            "borderWidth": 0,
          },
          Object {},
          Object {
            "flex": 0,
            "height": 16,
            "width": 16,
          },
        ]
      }
      vbHeight={512}
      vbWidth={320}
      width={16}
    >
      <RNSVGGroup
        fill={4288256409}
        propList={
          Array [
            "fill",
          ]
        }
      >
        <RNSVGPath
          d="M285.476 272.971L91.132 467.314c-9.373 9.373-24.569 9.373-33.941 0l-22.667-22.667c-9.357-9.357-9.375-24.522-.04-33.901L188.505 256 34.484 101.255c-9.335-9.379-9.317-24.544.04-33.901l22.667-22.667c9.373-9.373 24.569-9.373 33.941 0L285.475 239.03c9.373 9.372 9.373 24.568.001 33.941z"
          fill={4288256409}
          fillOpacity={1}
          propList={
            Array [
              "fill",
              "fillOpacity",
            ]
          }
        />
      </RNSVGGroup>
    </RNSVGSvgView>
  </View>
</View>
`;

exports[`renders custom icon 1`] = `
<View
  accessible={true}
  collapsable={false}
  focusable={true}
  nativeID="animatedComponent"
  onClick={[Function]}
  onResponderGrant={[Function]}
  onResponderMove={[Function]}
  onResponderRelease={[Function]}
  onResponderTerminate={[Function]}
  onResponderTerminationRequest={[Function]}
  onStartShouldSetResponder={[Function]}
  style={
    Object {
      "opacity": 1,
    }
  }
>
  <View
    style={
      Object {
        "alignItems": "center",
        "backgroundColor": "#fff",
        "borderBottomWidth": 1,
        "borderColor": "#f5f5f5",
        "flexDirection": "row",
        "justifyContent": "space-between",
        "paddingBottom": 16,
        "paddingLeft": 12,
        "paddingRight": 12,
        "paddingTop": 16,
      }
    }
  >
    <Text
      style={
        Object {
          "fontFamily": "DM Sans",
        }
      }
    >
      Snapshot
    </Text>
    <Text>
      Go â†’
    </Text>
  </View>
</View>
`;
